Status: 200
Content-Type: text/html

<?xml version='1.0'?>
<!--This is generated by HelloCgiS--><body>
  <p>The request URI was: HelloCgiS</p>
  <p>There was no query string.</p>
</body>
