<p>Norwegian letters: ae:&#xE6; oe:&#xF8; aa:&#xE5;</p>
